SQL> CREATE TABLE DEPARTAMENTO
  2  (CD NUMBER(2) PRIMARY KEY,
  3  D VARCHAR2(60));

Table created.

SQL> CREATE TABLE AREA
  2  (CAR NUMBER(3) PRIMARY KEY,
  3  AR VARCHAR2(60), CD NUMBER (2) REFERENCES DEPARTAMENTO ON DELETE CASCADE);

Table created.

SQL> CREATE TABLE PROFESOR
  2  (DNI NUMBER(8) PRIMARY KEY, P VARCHAR2(60), CAR NUMBER(3),
  3  CAT VARCHAR2(5),
  4  FOREIGN KEY (CAR) REFERENCES AREA ON DELETE SET NULL);

Table created.

SQL> CREATE TABLE ASIGNATURA
  2  (CAS NUMBER (3) PRIMARY KEY,
  3  A VARCHAR2(50) NOT NULL,
  4  T CHAR(4) NOT NULL,
  5  CUR NUMBER(1) CHECK (CUR BETWEEN 1 AND 5),
  6  CAR NUMBER(3) REFERENCES AREA ON DELETE SET NULL,
  7  CT NUMBER(3,1) DEFAULT 0.0,
  8  CP NUMBER(3,1) DEFAULT 0.0,
  9  CL NUMBER(3,1) DEFAULT 0.0);

Table created.

SQL> SELECT 'HOLA MUNDO' "HOLA MUNDO"
  2  FROM DUAL;

HOLA MUNDO                                                                      
----------                                                                      
HOLA MUNDO                                                                      

SQL> CREATE TABLE PLAN_DOCENTE
  2  (DNI NUMBER(8),
  3  CAS NUMBER(3),
  4  CTA NUMBER(3,1)DEFAULT 0.0,
  5  CPA NUMBER(3,1)DEFAULT 0.0,
  6  CLA NUMBER(3,1)DEFAULT 0.0,
  7  FI DATE DEFAULT SYSDATE,
  8  FF DATE,
  9  PRIMARY KEY (DNI, CAS, FI),
 10  FOREIGN KEY (CAS) REFERENCES ASIGNATURA ON DELETE CASCADE,
 11  FOREIGN KEY (DNI) REFERENCES PROFESOR ON DELETE CASCADE,
 12  CHECK (FF >= FI));

Table created.

SQL> SYSDATE
SP2-0042: unknown command "SYSDATE" - rest of line ignored.
SQL> SELECT SYSDATE
  2  FROM DUAL;

SYSDATE                                                                         
---------                                                                       
03-NOV-17                                                                       

SQL> INSERT INTO DEPARTAMENTO
  2  VALUES(1,'ANALISIS MATEMTICO');

1 row created.

SQL> INSERT INTO DEPARTAMENTO
  2  VALUES(2, 'ASTROFSICA');

1 row created.

SQL> SELECT SYSDATE-TO_DATE('13-NOV-97')
  2  FROM DUAL
  3  ;

SYSDATE-TO_DATE('13-NOV-97')                                                    
----------------------------                                                    
                  7295.55707                                                    

SQL> INSERT INTO DEPARTAMENTO
  2  VALUES(3, 'ESTADC
  3  STICA, INVESTIGACICC
  4  ;
ERROR:
ORA-01756: quoted string not properly terminated 


SQL> INSERT INTO DEPARTAMENTO
  2  VALUES(3, 'ESTADC
  3  STICA, INVESTIGACICC
  4  ;
ERROR:
ORA-01756: quoted string not properly terminated 


SQL> SELECT SYSDATE-TO_DATE('13-NOV-97')
  2  ;

*
ERROR at line 2:
ORA-00923: FROM keyword not found where expected 


SQL> SELECT SYSDATE-TO_DATE('13-NOV-97');
SELECT SYSDATE-TO_DATE('13-NOV-97')
                                  *
ERROR at line 1:
ORA-00923: FROM keyword not found where expected 


SQL> SELECT SYSDATE-TO_DATE('13-NOV-97')
  2  FROM DUAL;

SYSDATE-TO_DATE('13-NOV-97')                                                    
----------------------------                                                    
                  7295.55771                                                    

SQL> INSERT INTO DEPARTAMENTO
  2  VALUES(3, 'ESTADC
  3  ;
ERROR:
ORA-01756: quoted string not properly terminated 


SQL> INSERT INTO DEPARTAMENTO
  2  VALUES(3, 'ESTADISTICA,INVESTIGACION OPERATIVA Y COMPUTACION');

1 row created.

SQL> INSERT INTO DEPARTAMENTO
  2  VALUES(4, 'MATEMCTICA FUNDAMENTAL');

1 row created.

SQL> COMMIT WORK
  2  ;

Commit complete.

SQL> SELECT TO_CHAR(SYSDATE, 'HH:MI:SS'=
  2  FROM DUAL;
SELECT TO_CHAR(SYSDATE, 'HH:MI:SS'=
                                  *
ERROR at line 1:
ORA-00907: missing right parenthesis 


SQL> SELECT TO_CHAR(SYSDATE, 'HH:MI:SS')
  2  FROM DUAL;

TO_CHAR(                                                                        
--------                                                                        
01:25:29                                                                        

SQL> INSERT INTO AREA
  2  VALUES(1,'ALGEBRA',4);

1 row created.

SQL> INSERT INTO AREA
  2  VALUES(2,'ANALISIS MATEMATICOS',1);

1 row created.

SQL> INSERT INTO AREA
  2  VALUES(3,'ASTROMIA Y ASTROFISICA',2);

1 row created.

SQL> INSERT INTO AREA
  2  VALUES(4,'CIENCIAS DE LA COMPUTACION E INTELIGENCIA ARTIFICIAL',3);

1 row created.

SQL> INSERT INTO AREA
  2  VALUES(5,'DIDACTICA DE LA MATEMATICA',1);

1 row created.

SQL> SELECT CURRENT_DATE
  2  FROM DUAL;

CURRENT_D                                                                       
---------                                                                       
03-NOV-17                                                                       

SQL> INSERT INTO AREA
  2  VALUES(6,'ESTADISTICA E INVESTIGACION OPERATIVA',3);

1 row created.

SQL> INSERT INTO AREA
  2  VALUES(7,'LENGUAJES Y SISTEMAS INFORMATICOS',3);

1 row created.

SQL> INSERT INTO AREA
  2  VALUES(8,'MATEMATICAS APLICADAS',1);

1 row created.

SQL> COMMIT WORK
  2  ;

Commit complete.

SQL> DELETE TABLE DUAL
  2  ;
DELETE TABLE DUAL
       *
ERROR at line 1:
ORA-00903: invalid table name 


SQL> INSERT INTO PROFESOR
  2  VALUES(1111,'JUAN',6, 'CU');

1 row created.

SQL> INSERT INTO PROFESOR
  2  VALUES(11,'JUAN',6, 'CU');

1 row created.

SQL> VALUES(2222,'CARLOS',7, 'TU');
SP2-0734: unknown command beginning "VALUES(222..." - rest of line ignored.
SQL> INSERT INTO PROFESOR
  2  VALUES(2222,'CARLOS',7, 'TU');

1 row created.

SQL> COMMENT ON TABLE PROFESOR
  2  IS 'ESTA TABLA...';

Comment created.

SQL> INSERT INTO PROFESOR
  2  VALUES(3333,'PEDRO',4, 'TEU');

1 row created.

SQL> INSERT INTO PROFESOR
  2  VALUES(4444,'MARIA',7, 'TU');

1 row created.

SQL> INSERT INTO PROFESOR
  2  VALUES(5555,'IVAN',1, 'CEU');

1 row created.

SQL> INSERT INTO PROFESOR
  2  VALUES(6666,'CARMEN',3, 'CD');

1 row created.

SQL> INSERT INTO PROFESOR
  2  VALUES(7777,'MARIO',2, 'TU');

1 row created.

SQL> SELECT *
  2  FROM USER_TAB_COMMENTS
  3  ;

TABLE_NAME                                                                      
--------------------------------------------------------------------------------
TABLE_TYPE                                                                      
-----------                                                                     
COMMENTS                                                                        
--------------------------------------------------------------------------------
ORIGIN_CON_ID                                                                   
-------------                                                                   
DEPARTAMENTO                                                                    
TABLE                                                                           
                                                                                
            3                                                                   
                                                                                

TABLE_NAME                                                                      
--------------------------------------------------------------------------------
TABLE_TYPE                                                                      
-----------                                                                     
COMMENTS                                                                        
--------------------------------------------------------------------------------
ORIGIN_CON_ID                                                                   
-------------                                                                   
AREA                                                                            
TABLE                                                                           
                                                                                
            3                                                                   
                                                                                

TABLE_NAME                                                                      
--------------------------------------------------------------------------------
TABLE_TYPE                                                                      
-----------                                                                     
COMMENTS                                                                        
--------------------------------------------------------------------------------
ORIGIN_CON_ID                                                                   
-------------                                                                   
PROFESOR                                                                        
TABLE                                                                           
ESTA TABLA...                                                                   
            3                                                                   
                                                                                

TABLE_NAME                                                                      
--------------------------------------------------------------------------------
TABLE_TYPE                                                                      
-----------                                                                     
COMMENTS                                                                        
--------------------------------------------------------------------------------
ORIGIN_CON_ID                                                                   
-------------                                                                   
ASIGNATURA                                                                      
TABLE                                                                           
                                                                                
            3                                                                   
                                                                                

TABLE_NAME                                                                      
--------------------------------------------------------------------------------
TABLE_TYPE                                                                      
-----------                                                                     
COMMENTS                                                                        
--------------------------------------------------------------------------------
ORIGIN_CON_ID                                                                   
-------------                                                                   
PLAN_DOCENTE                                                                    
TABLE                                                                           
                                                                                
            3                                                                   
                                                                                

SQL> INSERT INTO PROFESOR
  2  VALUES(8888,'FRANCISCO',5, 'TU');

1 row created.

SQL> SELECT *
  2  FROM USER_TAB_COMMENTS
  3  ;

TABLE_NAME                                                                      
--------------------------------------------------------------------------------
TABLE_TYPE                                                                      
-----------                                                                     
COMMENTS                                                                        
--------------------------------------------------------------------------------
ORIGIN_CON_ID                                                                   
-------------                                                                   
DEPARTAMENTO                                                                    
TABLE                                                                           
                                                                                
            3                                                                   
                                                                                

TABLE_NAME                                                                      
--------------------------------------------------------------------------------
TABLE_TYPE                                                                      
-----------                                                                     
COMMENTS                                                                        
--------------------------------------------------------------------------------
ORIGIN_CON_ID                                                                   
-------------                                                                   
AREA                                                                            
TABLE                                                                           
                                                                                
            3                                                                   
                                                                                

TABLE_NAME                                                                      
--------------------------------------------------------------------------------
TABLE_TYPE                                                                      
-----------                                                                     
COMMENTS                                                                        
--------------------------------------------------------------------------------
ORIGIN_CON_ID                                                                   
-------------                                                                   
PROFESOR                                                                        
TABLE                                                                           
ESTA TABLA...                                                                   
            3                                                                   
                                                                                

TABLE_NAME                                                                      
--------------------------------------------------------------------------------
TABLE_TYPE                                                                      
-----------                                                                     
COMMENTS                                                                        
--------------------------------------------------------------------------------
ORIGIN_CON_ID                                                                   
-------------                                                                   
ASIGNATURA                                                                      
TABLE                                                                           
                                                                                
            3                                                                   
                                                                                

TABLE_NAME                                                                      
--------------------------------------------------------------------------------
TABLE_TYPE                                                                      
-----------                                                                     
COMMENTS                                                                        
--------------------------------------------------------------------------------
ORIGIN_CON_ID                                                                   
-------------                                                                   
PLAN_DOCENTE                                                                    
TABLE                                                                           
                                                                                
            3                                                                   
                                                                                

SQL> INSERT INTO PROFESOR
  2  VALUES(9999,'ANGELA',8, 'TEU');

1 row created.

SQL> INSERT INTO PROFESOR
  2  VALUES(1010,'DAVID',4, 'TU');

1 row created.

SQL> INSERT INTO PROFESOR
  2  VALUES(2020,'SOLEDAD',7, 'CU');

1 row created.

SQL> INSERT INTO PROFESOR
  2  VALUES(3030,'JOSE MANUEL',6, 'TEU');

1 row created.

SQL> COMMIT WORK
  2  ;

Commit complete.

SQL> INSERT INTO ASIGNATURA
  2  VALUES(1, 'BASE DE DATOS' , 'GII',3,7,3,1.5,1.5);

1 row created.

SQL> SELECT LOWER(P)
  2  FROM PROFESOR;

LOWER(P)                                                                        
------------------------------------------------------------                    
juan                                                                            
juan                                                                            
carlos                                                                          
pedro                                                                           
maria                                                                           
ivan                                                                            
carmen                                                                          
mario                                                                           
francisco                                                                       
angela                                                                          
david                                                                           

LOWER(P)                                                                        
------------------------------------------------------------                    
soledad                                                                         
jose manuel                                                                     

13 rows selected.

SQL> INSERT INTO ASIGNATURA
  2  VALUES(2, 'INTELIGENCIA ARTIFICIAL' , 'GII',3,4,1.5,1.5,3);

1 row created.

SQL> INSERT INTO ASIGNATURA
  2  VALUES(3, 'INTELIGENCIA ARTIFICIAL' , 'GII',3,4,1.5,1.5,3);

1 row created.

SQL> VALUES(3, 'ALMACENES DE DATOS' , 'MII',1,7,1.5,0,1.5);
SP2-0734: unknown command beginning "VALUES(3, ..." - rest of line ignored.
SQL> INSERT INTO ASIGNATURA
  2  VALUES(3, 'ALMACENES DE DATOS' , 'MII',1,7,1.5,0,1.5);
INSERT INTO ASIGNATURA
*
ERROR at line 1:
ORA-00001: unique constraint (ALU0100977103.SYS_C0020077) violated 


SQL> INSERT INTO ASIGNATURA
  2  VALUES(4, 'MINERIA DE DATOS' , 'MII',1,7,1.5,0,1.5);

1 row created.

SQL> INSERT INTO ASIGNATURA
  2  VALUES(5, 'INFORMATICA BASICA' , 'GII',1,7,3,1.5,1.5);

1 row created.

SQL> INSERT INTO ASIGNATURA
  2  VALUES(6, 'ALGEBRA' , 'GII',1,1,3,3,0);

1 row created.

SQL> INSERT INTO ASIGNATURA
  2  VALUES(7, 'CALCULO' , 'GII',1,8,3,3,3);

1 row created.

SQL> INSERT INTO ASIGNATURA
  2  VALUES(8, 'OPTIMIZACION' , 'GII',1,6,3,1.5,1.5);

1 row created.

SQL> INSERT INTO ASIGNATURA
  2  VALUES(9, 'GESTION DE RIESGOS' , 'GII',3,4,3,0,3);

1 row created.

SQL> INSERT INTO ASIGNATURA
  2  VALUES(10, 'ASTRONOMIA' , 'GIF',2,3,3,1.5,1.5);

1 row created.

SQL> INSERT INTO ASIGNATURA
  2  VALUES(11, 'ENSECANZA MATEMATICA' , 'GM',2,5,6,0,0);

1 row created.

SQL> INSERT INTO ASIGNATURA
  2  VALUES(12, 'ANALISIS COMPLEJO' , 'GM',4,2,4.5,3,0);

1 row created.

SQL> INSERT INTO ASIGNATURA
  2  
SQL> COMMIT WORK
  2  ;

Commit complete.

SQL> INSERT INTO PLAN DOCENTE
  2  VALUES(4444,1,3,1.5,1.5,'01-SEP-11',NULL);
INSERT INTO PLAN DOCENTE
            *
ERROR at line 1:
ORA-00942: table or view does not exist 


SQL> INSERT INTO PLAN DOCENTE
  2  VALUES(4444,1,3,1.5,1.5,'01-SEP-11',NULL);
INSERT INTO PLAN DOCENTE
            *
ERROR at line 1:
ORA-00942: table or view does not exist 


SQL> SEE TABLE PLAN DOCENTE
SP2-0734: unknown command beginning "SEE TABLE ..." - rest of line ignored.
SQL> SELECT DNI
  2  FROM PLAN DOCENTE;
FROM PLAN DOCENTE
     *
ERROR at line 2:
ORA-00942: table or view does not exist 


SQL> CREATE TABLE PLAN_DOCENTE
  2  (DNI NUMBER(8),
  3  CAS NUMBER(3),
  4  CTA NUMBER(3,1)DEFAULT 0.0,
  5  CPA NUMBER(3,1)DEFAULT 0.0,
  6  CLA NUMBER(3,1)DEFAULT 0.0,
  7  FI DATE DEFAULT SYSDATE,
  8  FF DATE,
  9  PRIMARY KEY (DNI, CAS, FI),
 10  FOREIGN KEY (CAS) REFERENCES ASIGNATURA ON DELETE CASCADE,
 11  FOREIGN KEY (DNI) REFERENCES PROFESOR ON DELETE CASCADE,
 12  CHECK (FF >= FI));
CREATE TABLE PLAN_DOCENTE
             *
ERROR at line 1:
ORA-00955: name is already used by an existing object 


SQL> INSERT INTO PLAN_DOCENTE
  2  VALUES(4444,1,3,1.5,1.5,'01-SEP-11',NULL);

1 row created.

SQL> INSERT INTO PLAN_DOCENTE
  2  VALUES(4444,4,1.5,0,1.5,'01-SEP-08','31-AGOS-10);
ERROR:
ORA-01756: quoted string not properly terminated 


SQL> INSERT INTO PLAN_DOCENTE
  2  VALUES(4444,4,1.5,0,1.5,'01-SEP-08','31-AG-10');
VALUES(4444,4,1.5,0,1.5,'01-SEP-08','31-AG-10')
                                    *
ERROR at line 2:
ORA-01843: not a valid month 


SQL> INSERT INTO PLAN_DOCENTE
  2  VALUES(4444,4,1.5,0,1.5,'01-SEP-08','31-AG0S-10');
VALUES(4444,4,1.5,0,1.5,'01-SEP-08','31-AG0S-10')
                                    *
ERROR at line 2:
ORA-01843: not a valid month 


SQL> VALUES(4444,4,1.5,0,1.5,'01-SEP-08','31-08-10');
SP2-0734: unknown command beginning "VALUES(444..." - rest of line ignored.
SQL> INSERT INTO PLAN_DOCENTE
  2  VALUES(4444,4,1.5,0,1.5,'01-SEP-08','31-08-10');
VALUES(4444,4,1.5,0,1.5,'01-SEP-08','31-08-10')
                                    *
ERROR at line 2:
ORA-01843: not a valid month 


SQL> VALUES(4444,4,1.5,0,1.5,'01-S-08','31-08-10');
SP2-0734: unknown command beginning "VALUES(444..." - rest of line ignored.
SQL> INSERT INTO PLAN_DOCENTE
  2  VALUES(4444,4,1.5,0,1.5,'01-09-08','31-08-10');
VALUES(4444,4,1.5,0,1.5,'01-09-08','31-08-10')
                        *
ERROR at line 2:
ORA-01843: not a valid month 


SQL> INSERT INTO PLAN_DOCENTE
  2  VALUES(4444,4,1.5,0,1.5,'01-SEP-08','31-AGO-10');
VALUES(4444,4,1.5,0,1.5,'01-SEP-08','31-AGO-10')
                                    *
ERROR at line 2:
ORA-01843: not a valid month 


SQL> INSERT INTO PLAN_DOCENTE
  2  VALUES(4444,4,1.5,0,1.5,'01-SEP-08','31-08-10');
VALUES(4444,4,1.5,0,1.5,'01-SEP-08','31-08-10')
                                    *
ERROR at line 2:
ORA-01843: not a valid month 


SQL> INSERT INTO PLAN_DOCENTE
  2  VALUES(4444,4,1.5,0,1.5,'01-SEP-08','31-AGO-10');
VALUES(4444,4,1.5,0,1.5,'01-SEP-08','31-AGO-10')
                                    *
ERROR at line 2:
ORA-01843: not a valid month 


SQL> INSERT INTO PLAN_DOCENTE
  2  VALUES(4444,5,3,0,0,'01-SEP-10',NULL);

1 row created.

SQL> INSERT INTO PLAN_DOCENTE
  2  VALUES(4444,4,1.5,0,1.5,'01-SEP-08','31-AGO-10');
VALUES(4444,4,1.5,0,1.5,'01-SEP-08','31-AGO-10')
                                    *
ERROR at line 2:
ORA-01843: not a valid month 


SQL> VALUES(4444,4,1.5,0,1.5,'01-SEP-08','31-AUG-10');
SP2-0734: unknown command beginning "VALUES(444..." - rest of line ignored.
SQL> INSERT INTO PLAN_DOCENTE
  2  VALUES(4444,4,1.5,0,1.5,'01-SEP-08','31-AUG-10');

1 row created.

SQL> INSERT INTO PLAN_DOCENTE
  2  VALUES(1111,8,3,1.5,1.5,'01-SEP-07','31-AUG-09');

1 row created.

SQL> INSERT INTO PLAN_DOCENTE
  2  VALUES(1111,8,3,0,0,'01-SEP-09',NULL);

1 row created.

SQL> INSERT INTO PLAN_DOCENTE
  2  VALUES(3030,8,0,1.5,1.5,'01-SEP-09',NULL);

1 row created.

SQL> INSERT INTO PLAN_DOCENTE
  2  VALUES(2222,4,1.5,0,1.5,'01-SEP-09',NULL);

1 row created.

SQL> INSERT INTO PLAN_DOCENTE
  2  VALUES(2222,3,1.5,0,1.5,'01-SEP-06','21-AUG-07');

1 row created.

SQL> INSERT INTO PLAN_DOCENTE
  2  VALUES(1010,2,1.5,1.5,3,'01-SEP-08','31-AUG-08');
INSERT INTO PLAN_DOCENTE
*
ERROR at line 1:
ORA-02290: check constraint (ALU0100977103.SYS_C0020083) violated 


SQL> INSERT INTO PLAN_DOCENTE
  2  VALUES(1010,2,1.5,1.5,3,'01-SEP-08','31-AUG-08');
INSERT INTO PLAN_DOCENTE
*
ERROR at line 1:
ORA-02290: check constraint (ALU0100977103.SYS_C0020083) violated 


SQL> INSERT INTO PLAN_DOCENTE
  2  VALUES(3333,2,1.5,1.5,3,'01-SEP-08',NULL);

1 row created.

SQL> INSERT INTO PLAN_DOCENTE
  2  VALUES(1010,9,3,0,3,'01-SEP-08','31-AUG-09);LL);
ERROR:
ORA-01756: quoted string not properly terminated 


SQL> INSERT INTO PLAN_DOCENTE
  2  VALUES(1010,9,3,0,3,'01-SEP-08','31-AUG-09');

1 row created.

SQL> INSERT INTO PLAN_DOCENTE
  2  VALUES(1010,9,1.5,0,1.5,'01-SEP-09','31-AUG-09');
INSERT INTO PLAN_DOCENTE
*
ERROR at line 1:
ORA-02290: check constraint (ALU0100977103.SYS_C0020083) violated 


SQL> INSERT INTO PLAN_DOCENTE
  2  VALUES(1010,9,1.5,0,1.5,'01-SEP-09',';
ERROR:
ORA-01756: quoted string not properly terminated 


SQL> INSERT INTO PLAN_DOCENTE
  2  VALUES(1010,9,1.5,0,1.5,'01-SEP-09',NULL;
VALUES(1010,9,1.5,0,1.5,'01-SEP-09',NULL
                                       *
ERROR at line 2:
ORA-00917: missing comma 


SQL> INSERT INTO PLAN_DOCENTE
  2  VALUES(1010,9,1.5,0,1.5,'01-SEP-09',NULL);

1 row created.

SQL> INSERT INTO PLAN_DOCENTE
  2  VALUES(9999,7,3,3,0,'01-SEP-10',NULL);

1 row created.

SQL> INSERT INTO PLAN_DOCENTE
  2  VALUES(5555,6,3,3,0,'01-MAR-10',NULL);

1 row created.

SQL> INSERT INTO PLAN_DOCENTE
  2  VALUES(6666,10,3,1.5,1.5,'01-SEP-08','31-AUG-11');

1 row created.

SQL> SET TIME ON;
13:56:44 SQL> SET TIME ON
13:56:46 SQL> INSERT INTO PLAN_DOCENTE
13:56:53   2  VALUES(8888,11,6,0,0,'01-SEP-09',NULL);

1 row created.

13:57:35 SQL> INSERT INTO PLAN_DOCENTE
13:57:37   2  VALUES(2020,3,1.5,0,1.5,'01-SEP-08',NULL);

1 row created.

13:57:59 SQL> INSERT INTO PLAN_DOCENTE
13:58:00   2  VALUES(7777,12,4.5,3,0,'01-SEP-10',NULL);

1 row created.

13:58:28 SQL> INSERT INTO PLAN_DOCENTE
13:58:29   2  VALUES(3333,9,1.5,0,1.5,'01-SEP-09',NULL);

1 row created.

13:58:55 SQL> COMMIT WORK
13:58:59   2  ;

Commit complete.

13:59:02 SQL> SPOOL OFF
